// Jest Snapshot v1, https://goo.gl/fbAQLP

exports[`<App /> should render and match the snapshot 1`] = `
<BrowserRouter>
  <Helmet
    defaultTitle="React Boilerplate"
    defer={true}
    encodeSpecialCharacters={true}
    titleTemplate="%s - React Boilerplate"
  >
    <meta
      content="A React Boilerplate application"
      name="description"
    />
  </Helmet>
  <Switch>
    <Route
      component={[Function]}
      exact={true}
      path="/"
    />
    <PrivateRoute
      component={[Function]}
      path="/b/:ownerId/:boardId"
    />
    <PrivateRoute
      component={[Function]}
      path="/b/:ownerId"
    />
    <PrivateRoute
      component={[Function]}
      path="/b"
    />
    <Route
      component={[Function]}
      exact={true}
      path="/login"
    />
    <Route
      component={[Function]}
    />
  </Switch>
  <UNDEFINED />
</BrowserRouter>
`;
